------------------------------------------------------------
Timing Analyzer Summary
------------------------------------------------------------

Type  : Slow 1200mV 85C Model Setup 'inst4|altpll_component|auto_generated|pll1|clk[0]'
Slack : -18.409
TNS   : -70.101

Type  : Slow 1200mV 85C Model Setup 'PseudoPll:inst1|clk_out'
Slack : -2.478
TNS   : -59.224

Type  : Slow 1200mV 85C Model Setup 'st_signal'
Slack : 0.318
TNS   : 0.000

Type  : Slow 1200mV 85C Model Hold 'inst4|altpll_component|auto_generated|pll1|clk[0]'
Slack : -0.209
TNS   : -0.209

Type  : Slow 1200mV 85C Model Hold 'PseudoPll:inst1|clk_out'
Slack : 0.359
TNS   : 0.000

Type  : Slow 1200mV 85C Model Hold 'st_signal'
Slack : 0.385
TNS   : 0.000

Type  : Slow 1200mV 85C Model Minimum Pulse Width 'st_signal'
Slack : -3.000
TNS   : -4.000

Type  : Slow 1200mV 85C Model Minimum Pulse Width 'PseudoPll:inst1|clk_out'
Slack : -1.000
TNS   : -26.000

Type  : Slow 1200mV 85C Model Minimum Pulse Width 'inclk0'
Slack : 9.835
TNS   : 0.000

Type  : Slow 1200mV 85C Model Minimum Pulse Width 'inst4|altpll_component|auto_generated|pll1|clk[0]'
Slack : 19.611
TNS   : 0.000

Type  : Slow 1200mV 0C Model Setup 'inst4|altpll_component|auto_generated|pll1|clk[0]'
Slack : -16.304
TNS   : -62.148

Type  : Slow 1200mV 0C Model Setup 'PseudoPll:inst1|clk_out'
Slack : -2.171
TNS   : -51.512

Type  : Slow 1200mV 0C Model Setup 'st_signal'
Slack : 0.398
TNS   : 0.000

Type  : Slow 1200mV 0C Model Hold 'inst4|altpll_component|auto_generated|pll1|clk[0]'
Slack : -0.275
TNS   : -0.275

Type  : Slow 1200mV 0C Model Hold 'PseudoPll:inst1|clk_out'
Slack : 0.313
TNS   : 0.000

Type  : Slow 1200mV 0C Model Hold 'st_signal'
Slack : 0.341
TNS   : 0.000

Type  : Slow 1200mV 0C Model Minimum Pulse Width 'st_signal'
Slack : -3.000
TNS   : -4.000

Type  : Slow 1200mV 0C Model Minimum Pulse Width 'PseudoPll:inst1|clk_out'
Slack : -1.000
TNS   : -26.000

Type  : Slow 1200mV 0C Model Minimum Pulse Width 'inclk0'
Slack : 9.818
TNS   : 0.000

Type  : Slow 1200mV 0C Model Minimum Pulse Width 'inst4|altpll_component|auto_generated|pll1|clk[0]'
Slack : 19.608
TNS   : 0.000

Type  : Fast 1200mV 0C Model Setup 'inst4|altpll_component|auto_generated|pll1|clk[0]'
Slack : -10.416
TNS   : -39.765

Type  : Fast 1200mV 0C Model Setup 'PseudoPll:inst1|clk_out'
Slack : -0.930
TNS   : -21.748

Type  : Fast 1200mV 0C Model Setup 'st_signal'
Slack : 0.626
TNS   : 0.000

Type  : Fast 1200mV 0C Model Hold 'inst4|altpll_component|auto_generated|pll1|clk[0]'
Slack : -0.118
TNS   : -0.118

Type  : Fast 1200mV 0C Model Hold 'PseudoPll:inst1|clk_out'
Slack : 0.188
TNS   : 0.000

Type  : Fast 1200mV 0C Model Hold 'st_signal'
Slack : 0.208
TNS   : 0.000

Type  : Fast 1200mV 0C Model Minimum Pulse Width 'st_signal'
Slack : -3.000
TNS   : -4.140

Type  : Fast 1200mV 0C Model Minimum Pulse Width 'PseudoPll:inst1|clk_out'
Slack : -1.000
TNS   : -26.000

Type  : Fast 1200mV 0C Model Minimum Pulse Width 'inclk0'
Slack : 9.587
TNS   : 0.000

Type  : Fast 1200mV 0C Model Minimum Pulse Width 'inst4|altpll_component|auto_generated|pll1|clk[0]'
Slack : 19.645
TNS   : 0.000

------------------------------------------------------------
